[www.di.fc.ul.pt/_jpn/cv/index.html]
[backblue.gif]
[fade.gif]
[index.html]
[www.di.fc.ul.pt/_jpn/cv/barbkgde.gif]
[www.di.fc.ul.pt/_jpn/cv/barrulee.gif]
[www.di.fc.ul.pt/_jpn/cv/barbul1e.gif]
[www.di.fc.ul.pt/_jpn/cv/barbul2e.gif]
[www.di.fc.ul.pt/_jpn/cv/hg2c-2.html]
[www.di.fc.ul.pt/_jpn/cv/revolvings.html]
[www.di.fc.ul.pt/_jpn/cv/construction.html]
[www.di.fc.ul.pt/_jpn/cv/barbul3e.gif]
[www.di.fc.ul.pt/_jpn/cv/inertia.html]
[www.di.fc.ul.pt/_jpn/cv/entropy.html]
[www.di.fc.ul.pt/_jpn/cv/magnetic.html]
[www.di.fc.ul.pt/_jpn/cv/chaos.html]
[www.di.fc.ul.pt/_jpn/cv/collision.html]
[www.di.fc.ul.pt/_jpn/cv/rotation.html]
[www.di.fc.ul.pt/_jpn/cv/conditional.html]
[www.di.fc.ul.pt/_jpn/cv/diplomacy.html]
[www.di.fc.ul.pt/_jpn/cv/soccer.html]
[www.di.fc.ul.pt/_jpn/cv/poc.html]
[www.di.fc.ul.pt/_jpn/cv/swap.html]
[www.di.fc.ul.pt/_jpn/cv/bswap.html]
[www.di.fc.ul.pt/_jpn/cv/weakSquare.html]
[www.di.fc.ul.pt/_jpn/cv/sandwich.html]
[www.di.fc.ul.pt/_jpn/cv/crabCity.html]
[www.di.fc.ul.pt/_jpn/cv/economy.html]
[www.di.fc.ul.pt/_jpn/cv/utchess.html]
[www.di.fc.ul.pt/_jpn/cv/traitor.html]
[www.di.fc.ul.pt/_jpn/cv/heisenberg.html]
[www.di.fc.ul.pt/_jpn/cv/progPort.html]
[www.di.fc.ul.pt/_jpn/cv/hyperspa.html]
[www.di.fc.ul.pt/_jpn/cv/impossible.html]
[www.di.fc.ul.pt/_jpn/cv/knight32.html]
[www.di.fc.ul.pt/_jpn/cv/centralSqs.html]
[www.di.fc.ul.pt/_jpn/cv/hell-heaven.html]
[www.di.fc.ul.pt/_jpn/cv/zork_and_turn.html]
[www.di.fc.ul.pt/_jpn/cv/PromDem.html]
[www.di.fc.ul.pt/_jpn/cv/connect.html]
[www.di.fc.ul.pt/_jpn/cv/lightshadow.html]
[www.di.fc.ul.pt/_jpn/cv/wsjk.zrf]
[www.di.fc.ul.pt/_jpn/cv/diff.zip]
[www.di.fc.ul.pt/_jpn/cv/swap.zrf]
[www.di.fc.ul.pt/_jpn/cv/crab.zip]
[www.di.fc.ul.pt/_jpn/cv/magnetic.zip]
[www.di.fc.ul.pt/_jpn/cv/prodem.2b.delayed]
[www.di.fc.ul.pt/_jpn/cv/knight32.zip]
[www.di.fc.ul.pt/_jpn/cv/centralSQ.zip]
[www.di.fc.ul.pt/_jpn/cv/images.2e.delayed]
[www.di.fc.ul.pt/_jpn/cv/retrochess.html]
[www.di.fc.ul.pt/_jpn/cv/skills.html]
[www.di.fc.ul.pt/_jpn/cv/hansGift.html]
[www.di.fc.ul.pt/_jpn/cv/ZRF2.html]
[www.di.fc.ul.pt/_jpn/cv/mutators.html]
[www.di.fc.ul.pt/_jpn/cv/new.gif]
[www.di.fc.ul.pt/_jpn/cv/zog.gif]
[www.di.fc.ul.pt/_jpn/cv/MSLogo.gif]
[www.di.fc.ul.pt/_jpn/cv/dome-04.gif]
[www.di.fc.ul.pt/_jpn/cv/WCNet.gif]
[www.di.fc.ul.pt/_jpn/cv/email.gif]
[www.di.fc.ul.pt/_jpn/cv/cv_jpn.3a.delayed]
[www.di.fc.ul.pt/_jpn/cv/zipped.gif]
[www.di.fc.ul.pt/_jpn/cv/webpage.gif]
[www.di.fc.ul.pt/_jpn/cv/index.html]
[www.di.fc.ul.pt/_jpn/cv/sidestep.gif]
[www.di.fc.ul.pt/_jpn/cv/hg2c-2.html]
[www.di.fc.ul.pt/_jpn/cv/revolvings.html]
[www.di.fc.ul.pt/_jpn/cv/construction.html]
[www.di.fc.ul.pt/_jpn/cv/inertia.html]
[www.di.fc.ul.pt/_jpn/cv/entropy.html]
[www.di.fc.ul.pt/_jpn/cv/magnetic.html]
[www.di.fc.ul.pt/_jpn/cv/chaos.html]
[www.di.fc.ul.pt/_jpn/cv/collision.html]
[www.di.fc.ul.pt/_jpn/cv/rotation.html]
[www.di.fc.ul.pt/_jpn/cv/conditional.html]
[www.di.fc.ul.pt/_jpn/cv/diplomacy.html]
[www.di.fc.ul.pt/_jpn/cv/soccer.html]
[www.di.fc.ul.pt/_jpn/cv/poc.html]
[www.di.fc.ul.pt/_jpn/cv/swap.html]
[www.di.fc.ul.pt/_jpn/cv/bswap.html]
[www.di.fc.ul.pt/_jpn/cv/weakSquare.html]
[www.di.fc.ul.pt/_jpn/cv/sandwich.html]
[www.di.fc.ul.pt/_jpn/cv/crabCity.html]
[www.di.fc.ul.pt/_jpn/cv/economy.html]
[www.di.fc.ul.pt/_jpn/cv/utchess.html]
[www.di.fc.ul.pt/_jpn/cv/traitor.html]
[www.di.fc.ul.pt/_jpn/cv/heisenberg.html]
[www.di.fc.ul.pt/_jpn/cv/progPort.html]
[www.di.fc.ul.pt/_jpn/cv/hyperspa.html]
[www.di.fc.ul.pt/_jpn/cv/impossible.html]
[www.di.fc.ul.pt/_jpn/cv/holes.gif]
[www.di.fc.ul.pt/_jpn/cv/holesEg1.gif]
[www.di.fc.ul.pt/_jpn/cv/holesEg2.gif]
[www.di.fc.ul.pt/_jpn/cv/holesEg2a.gif]
[www.di.fc.ul.pt/_jpn/cv/knight32.html]
[www.di.fc.ul.pt/_jpn/cv/centralSqs.html]
[www.di.fc.ul.pt/_jpn/cv/hell-heaven.html]
[www.di.fc.ul.pt/_jpn/cv/zork_and_turn.html]
[www.di.fc.ul.pt/_jpn/cv/PromDem.html]
[www.di.fc.ul.pt/_jpn/cv/connect.html]
[www.di.fc.ul.pt/_jpn/cv/lightshadow.html]
[www.di.fc.ul.pt/_jpn/cv/prodem.html]
[www.di.fc.ul.pt/_jpn/cv/images.html]
[www.di.fc.ul.pt/_jpn/cv/retrochess.html]
[www.di.fc.ul.pt/_jpn/cv/skills.html]
[www.di.fc.ul.pt/_jpn/cv/hansGift.html]
[www.di.fc.ul.pt/_jpn/cv/ZRF2.html]
[www.di.fc.ul.pt/_jpn/cv/mutators.html]
[www.di.fc.ul.pt/_jpn/cv/cv_jpn.html]
